[INFO] Scanning for projects...
[INFO] 
[INFO] -----------------< com.sportvenue:sport-venue-backend >-----------------
[INFO] Building sport-venue-backend 0.0.1-SNAPSHOT
[INFO]   from pom.xml
[INFO] --------------------------------[ jar ]---------------------------------
[INFO] 
[INFO] --- jacoco:0.8.11:prepare-agent (default) @ sport-venue-backend ---
[INFO] argLine set to "-javaagent:C:\\Users\\LAPTOP VINH HA\\.m2\\repository\\org\\jacoco\\org.jacoco.agent\\0.8.11\\org.jacoco.agent-0.8.11-runtime.jar=destfile=D:\\PE PRJ301\\STADIUM\\swp391-rbl-project-team1_SE20A09\\backend\\target\\jacoco.exec"
[INFO] 
[INFO] --- resources:3.3.1:resources (default-resources) @ sport-venue-backend ---
[INFO] Copying 4 resources from src\main\resources to target\classes
[INFO] Copying 40 resources from src\main\resources to target\classes
[INFO] 
[INFO] --- compiler:3.12.0:compile (default-compile) @ sport-venue-backend ---
[INFO] Recompiling the module because of changed source code.
[INFO] Compiling 313 source files with javac [forked debug parameters release 21] to target\classes
[WARNING] D:\PE PRJ301\STADIUM\swp391-rbl-project-team1_SE20A09\backend\src\main\java\com\sportvenue\mapper\TimeSlotMapper.java:[12,21] Unmapped target property: "available".
[INFO] 
[INFO] --- resources:3.3.1:testResources (default-testResources) @ sport-venue-backend ---
[INFO] Copying 1 resource from src\test\resources to target\test-classes
[INFO] 
[INFO] --- compiler:3.12.0:testCompile (default-testCompile) @ sport-venue-backend ---
[INFO] Recompiling the module because of changed dependency.
[INFO] Compiling 35 source files with javac [forked debug parameters release 21] to target\test-classes
[INFO] 
[INFO] --- surefire:3.2.5:test (default-test) @ sport-venue-backend ---
[INFO] Using auto detected provider org.apache.maven.surefire.junitplatform.JUnitPlatformProvider
[INFO] 
[INFO] -------------------------------------------------------
[INFO]  T E S T S
[INFO] -------------------------------------------------------
[INFO] Running com.sportvenue.config.PasswordEncoderTest
Standard Commons Logging discovery in action with spring-jcl: please remove commons-logging.jar from classpath in order to avoid potential conflicts
[INFO] Tests run: 3, Failures: 0, Errors: 0, Skipped: 0, Time elapsed: 2.017 s -- in com.sportvenue.config.PasswordEncoderTest
[INFO] Running com.sportvenue.controller.AdminOwnerControllerTest
.\mvnw : Java HotSpot(TM) 64-Bit Server VM warning: Sharing is only supported for boot loader classes because 
bootstrap classpath has been appended
At line:1 char:1
+ .\mvnw test -B -Dtest=!SportVenueApplicationTests > test_log.txt 2>&1
+ ~~~~~~~~~~~~~~~~~~~~~~~~~~~~~~~~~~~~~~~~~~~~~~~~~~~~~~~~~~~~~~~~~~~~~
    + CategoryInfo          : NotSpecified: (Java HotSpot(TM...s been appended:String) [], RemoteException
    + FullyQualifiedErrorId : NativeCommandError
 
WARNING: A Java agent has been loaded dynamically (C:\Users\LAPTOP VINH 
HA\.m2\repository\net\bytebuddy\byte-buddy-agent\1.14.16\byte-buddy-agent-1.14.16.jar)
WARNING: If a serviceability tool is in use, please run with -XX:+EnableDynamicAgentLoading to hide this warning
WARNING: If a serviceability tool is not in use, please run with -Djdk.instrument.traceUsage for more information
WARNING: Dynamic loading of agents will be disallowed by default in a future release
[INFO] Tests run: 2, Failures: 0, Errors: 0, Skipped: 0, Time elapsed: 3.344 s -- in com.sportvenue.controller.AdminOwnerControllerTest
[INFO] Running com.sportvenue.controller.AdminUserControllerTest
[INFO] Tests run: 3, Failures: 0, Errors: 0, Skipped: 0, Time elapsed: 0.174 s -- in com.sportvenue.controller.AdminUserControllerTest
[INFO] Running com.sportvenue.controller.FileControllerSecurityTest
[INFO] Tests run: 1, Failures: 0, Errors: 0, Skipped: 0, Time elapsed: 0.078 s -- in com.sportvenue.controller.FileControllerSecurityTest
[INFO] Running com.sportvenue.controller.FileControllerTest
[INFO] Tests run: 6, Failures: 0, Errors: 0, Skipped: 0, Time elapsed: 0.912 s -- in com.sportvenue.controller.FileControllerTest
[INFO] Running com.sportvenue.controller.MatchRequestControllerTest
02:42:29.454 [main] INFO com.sportvenue.controller.MatchRequestController -- REST request to create match: 'Tr?n c?u ??nh cao' by User: customer@test.com
02:42:29.479 [main] INFO com.sportvenue.controller.MatchRequestController -- REST request by Host: customer@test.com to cancel Match ID: 100 with reason: L² do cß nhΓn
02:42:29.501 [main] INFO com.sportvenue.controller.MatchRequestController -- REST request to get all active match requests with pagination: Page request [number: 0, size 10, sort: UNSORTED]
[INFO] Tests run: 3, Failures: 0, Errors: 0, Skipped: 0, Time elapsed: 0.248 s -- in com.sportvenue.controller.MatchRequestControllerTest
[INFO] Running com.sportvenue.controller.PublicComplexControllerTest
02:42:29.681 [main] INFO com.sportvenue.controller.PublicFacilityController -- Public API call to get courts for facility ID: 10
02:42:29.698 [main] INFO com.sportvenue.controller.PublicComplexController -- Public API call to search complexes with query: StadiumComplexSearchRequest(keyword=Test, sportTypeId=null, minPrice=null, maxPrice=null, amenityIds=null, targetDate=null, startTime=null, endTime=null, userLat=null, userLng=null, radiusInKm=null, page=0, size=12)
02:42:29.749 [main] INFO com.sportvenue.controller.PublicComplexController -- Public API call to get complex detail for ID: 1
02:42:29.759 [main] INFO com.sportvenue.controller.PublicComplexController -- Public API call to get facilities for complex ID: 1
[INFO] Tests run: 4, Failures: 0, Errors: 0, Skipped: 0, Time elapsed: 0.230 s -- in com.sportvenue.controller.PublicComplexControllerTest
[INFO] Running com.sportvenue.controller.TimeSlotControllerTest
[INFO] Tests run: 4, Failures: 0, Errors: 0, Skipped: 0, Time elapsed: 0.140 s -- in com.sportvenue.controller.TimeSlotControllerTest
[INFO] Running com.sportvenue.dto.request.CreateStadiumRequestValidationTest
02:42:30.275 [main] INFO org.hibernate.validator.internal.util.Version -- HV000001: Hibernate Validator 8.0.1.Final
[INFO] Tests run: 4, Failures: 0, Errors: 0, Skipped: 0, Time elapsed: 1.583 s -- in com.sportvenue.dto.request.CreateStadiumRequestValidationTest
[INFO] Running com.sportvenue.entity.OtpTokenExpiryTest
[INFO] Tests run: 3, Failures: 0, Errors: 0, Skipped: 0, Time elapsed: 0.014 s -- in com.sportvenue.entity.OtpTokenExpiryTest
[INFO] Running com.sportvenue.job.DocumentCleanupJobTest
02:42:31.586 [main] INFO com.sportvenue.job.DocumentCleanupJob -- DocumentCleanupJob: B?t ??u quΘt d?n d?p tαi li?u v⌠ ch?...
02:42:31.592 [main] INFO com.sportvenue.job.DocumentCleanupJob -- DocumentCleanupJob: ?π x≤a file v⌠ ch?: old-orphan.jpg
02:42:31.593 [main] INFO com.sportvenue.job.DocumentCleanupJob -- DocumentCleanupJob: Hoαn t?t d?n d?p. ?π ki?m tra 3 file, x≤a 1 file tαi li?u v⌠ ch?.
[INFO] Tests run: 1, Failures: 0, Errors: 0, Skipped: 0, Time elapsed: 0.072 s -- in com.sportvenue.job.DocumentCleanupJobTest
[INFO] Running com.sportvenue.service.ComplexTimeSlotServiceImplTest
02:42:32.359 [main] INFO com.sportvenue.service.impl.ComplexTimeSlotServiceImpl -- Bulk creating slots for complex ID: 10 by user ID: 1
02:42:32.383 [main] INFO com.sportvenue.service.impl.ComplexTimeSlotServiceImpl -- Bulk creating slots for complex ID: 10 by user ID: 1
02:42:32.398 [main] INFO com.sportvenue.service.impl.ComplexTimeSlotServiceImpl -- Bulk creating slots for facility ID: 100 by user ID: 1
02:42:32.420 [main] INFO com.sportvenue.service.impl.ComplexTimeSlotServiceImpl -- Bulk creating slots for complex ID: 10 by user ID: 1
02:42:32.431 [main] INFO com.sportvenue.service.impl.ComplexTimeSlotServiceImpl -- Bulk creating slots for facility ID: 100 by user ID: 1
02:42:32.443 [main] INFO com.sportvenue.service.impl.ComplexTimeSlotServiceImpl -- Bulk creating slots for facility ID: 100 by user ID: 99
02:42:32.455 [main] INFO com.sportvenue.service.impl.ComplexTimeSlotServiceImpl -- Bulk creating slots for facility ID: 100 by user ID: 1
02:42:32.470 [main] INFO com.sportvenue.service.impl.ComplexTimeSlotServiceImpl -- Bulk creating slots for facility ID: 999 by user ID: 1
[INFO] Tests run: 8, Failures: 0, Errors: 0, Skipped: 0, Time elapsed: 0.819 s -- in com.sportvenue.service.ComplexTimeSlotServiceImplTest
[INFO] Running com.sportvenue.service.impl.AdminDashboardServiceImplTest
02:42:33.200 [main] INFO com.sportvenue.service.impl.AdminDashboardServiceImpl -- Fetching admin dashboard stats (cache miss)
[INFO] Tests run: 1, Failures: 0, Errors: 0, Skipped: 0, Time elapsed: 0.731 s -- in com.sportvenue.service.impl.AdminDashboardServiceImplTest
[INFO] Running com.sportvenue.service.impl.AdminOwnerServiceImplTest
02:42:33.385 [main] INFO com.sportvenue.service.impl.AdminOwnerServiceImpl -- Request to lock account for ownerId: 1
02:42:33.423 [main] INFO com.sportvenue.service.impl.AdminOwnerServiceImpl -- Fetching owners list with search: test, accountStatus: ACTIVE, approvedStatus: APPROVED, page: 1, size: 10, sortBy: businessName, sortDir: asc
02:42:33.446 [main] INFO com.sportvenue.service.impl.AdminOwnerServiceImpl -- Request to unlock account for ownerId: 1
02:42:33.484 [main] INFO com.sportvenue.service.impl.AdminOwnerServiceImpl -- Request to lock account for ownerId: 1
02:42:33.498 [main] INFO com.sportvenue.service.impl.AdminOwnerServiceImpl -- Request to lock account for ownerId: 999
02:42:33.506 [main] INFO com.sportvenue.service.impl.AdminOwnerServiceImpl -- Fetching owners list with search: null, accountStatus: INVALID_STATUS, approvedStatus: INVALID_STATUS, page: 1, size: 10, sortBy: createdAt, sortDir: desc
02:42:33.506 [main] WARN com.sportvenue.service.impl.AdminOwnerServiceImpl -- Invalid account status: INVALID_STATUS
02:42:33.506 [main] WARN com.sportvenue.service.impl.AdminOwnerServiceImpl -- Invalid approved status: INVALID_STATUS
[INFO] Tests run: 6, Failures: 0, Errors: 0, Skipped: 0, Time elapsed: 0.282 s -- in com.sportvenue.service.impl.AdminOwnerServiceImplTest
[INFO] Running com.sportvenue.service.impl.AdminUserServiceImplTest
02:42:33.539 [main] INFO com.sportvenue.service.impl.AdminUserServiceImpl -- Admin fetching customer list ù search='null', status=BLOCKED, page=0, size=10
02:42:33.549 [main] INFO com.sportvenue.service.impl.AdminUserServiceImpl -- Admin fetching customer list ù search='null', status=null, page=0, size=10
02:42:33.562 [main] INFO com.sportvenue.service.impl.AdminUserServiceImpl -- Admin fetching customer list ù search='null', status=null, page=0, size=10
02:42:33.569 [main] INFO com.sportvenue.service.impl.AdminUserServiceImpl -- Admin 1 requesting to lock/unlock customer id=1, enabled=false
02:42:33.579 [main] INFO com.sportvenue.service.impl.AdminUserServiceImpl -- Admin fetching customer list ù search='null', status=null, page=0, size=10
02:42:33.587 [main] INFO com.sportvenue.service.impl.AdminUserServiceImpl -- Admin fetching customer list ù search='John', status=null, page=0, size=10
02:42:33.599 [main] INFO com.sportvenue.service.impl.AdminUserServiceImpl -- Admin 1 requesting to lock/unlock customer id=2, enabled=false
02:42:33.601 [main] INFO com.sportvenue.service.impl.AdminUserServiceImpl -- Successfully updated account status to BLOCKED for customer id=2
02:42:33.612 [main] INFO com.sportvenue.service.impl.AdminUserServiceImpl -- Admin 1 requesting to lock/unlock customer id=2, enabled=false
02:42:33.630 [main] INFO com.sportvenue.service.impl.AdminUserServiceImpl -- Admin 1 requesting to lock/unlock customer id=2, enabled=false
[INFO] Tests run: 9, Failures: 0, Errors: 0, Skipped: 0, Time elapsed: 0.103 s -- in com.sportvenue.service.impl.AdminUserServiceImplTest
[INFO] Running com.sportvenue.service.impl.BookingServiceImplTest
02:42:34.352 [main] INFO com.sportvenue.service.impl.BookingServiceImpl -- ? UC-CUS-01: Customer khach@example.com ??t sΓn 10 slot 20 ngαy 2026-07-08 ù bookingId=100, totalPrice=170000
02:42:34.406 [main] INFO com.sportvenue.service.impl.BookingServiceImpl -- ? UC-CUS-01: Stadium 10 weekly slots ù 2026-06-22..2026-06-28 (0 bookings)
02:42:34.426 [main] INFO com.sportvenue.service.impl.BookingServiceImpl -- [UC-CUS-03] Booking #100 was cancelled by userId=1, reason=Customer cancelled due to rain
02:42:34.467 [main] INFO com.sportvenue.service.impl.BookingServiceImpl -- ? UC-CUS-01: Customer khach@example.com xem l?ch s? ??t sΓn ù page=0, size=10, status=null, total=0
02:42:34.508 [main] INFO com.sportvenue.service.impl.BookingServiceImpl -- [UC-CUS-03] Booking #100 was cancelled by userId=99, reason=Owner closed court
02:42:34.525 [main] INFO com.sportvenue.service.impl.BookingServiceImpl -- ? UC-CUS-01: Booking #99 kΦm 1 ph? ki?n
02:42:34.525 [main] INFO com.sportvenue.service.impl.BookingServiceImpl -- ? UC-CUS-01: Customer khach@example.com ??t sΓn 10 slot 20 ngαy 2026-07-08 ù bookingId=99, totalPrice=270000
02:42:34.578 [main] INFO com.sportvenue.service.impl.BookingServiceImpl -- ? UC-CUS-01: Customer khach@example.com ??t sΓn 10 slot 20 ngαy 2026-07-06 ù bookingId=200, totalPrice=220000
02:42:34.587 [main] INFO com.sportvenue.service.impl.BookingServiceImpl -- ? UC-CUS-01: Booking #50 thanh toßn thαnh c⌠ng ù CONFIRMED, expiredAt cleared
02:42:34.630 [main] INFO com.sportvenue.service.impl.BookingServiceImpl -- ? UC-CUS-01: Customer khach@example.com xem l?ch s? ??t sΓn ù page=0, size=10, status=upcoming, total=0
02:42:34.643 [main] INFO com.sportvenue.service.impl.BookingServiceImpl -- ? UC-CUS-01: Customer khach@example.com xem l?ch s? ??t sΓn ù page=0, size=10, status=all, total=1
02:42:34.653 [main] INFO com.sportvenue.service.impl.BookingServiceImpl -- ? UC-CUS-01: Customer khach@example.com xem l?ch s? ??t sΓn ù page=0, size=10, status=completed, total=0
02:42:34.654 [main] INFO com.sportvenue.service.impl.BookingServiceImpl -- ? UC-CUS-01: Customer khach@example.com xem l?ch s? ??t sΓn ù page=0, size=10, status=cancelled, total=0
02:42:34.655 [main] INFO com.sportvenue.service.impl.BookingServiceImpl -- ? UC-CUS-01: Customer khach@example.com xem l?ch s? ??t sΓn ù page=0, size=10, status=pending, total=0
02:42:34.657 [main] INFO com.sportvenue.service.impl.BookingServiceImpl -- ? UC-CUS-01: Customer khach@example.com xem l?ch s? ??t sΓn ù page=0, size=10, status=confirmed, total=0
[INFO] Tests run: 25, Failures: 0, Errors: 0, Skipped: 0, Time elapsed: 0.960 s -- in com.sportvenue.service.impl.BookingServiceImplTest
[INFO] Running com.sportvenue.service.impl.ComplaintServiceImplTest
02:42:36.914 [main] INFO com.sportvenue.service.impl.ComplaintServiceImpl -- Customer customer@example.com is creating complaint for bookingId: 1
02:42:36.939 [main] INFO com.sportvenue.service.impl.ComplaintServiceImpl -- Replying to complaintId: 500 by user: customer@example.com
02:42:37.555 [main] INFO com.sportvenue.service.impl.ComplaintServiceImpl -- Admin fetching all complaints
02:42:37.567 [main] INFO com.sportvenue.service.impl.ComplaintServiceImpl -- Customer customer@example.com closing complaintId: 500
02:42:37.580 [main] INFO com.sportvenue.service.impl.ComplaintServiceImpl -- Replying to complaintId: 500 by user: admin@example.com
02:42:37.613 [main] INFO com.sportvenue.service.impl.ComplaintServiceImpl -- Customer customer@example.com is creating complaint for bookingId: 1
02:42:37.623 [main] INFO com.sportvenue.service.impl.ComplaintServiceImpl -- Customer customer@example.com closing complaintId: 500
02:42:37.657 [main] INFO com.sportvenue.service.impl.ComplaintServiceImpl -- Resolving complaintId: 500 by Admin
02:42:37.691 [main] INFO com.sportvenue.service.impl.ComplaintServiceImpl -- Customer customer@example.com is creating complaint for bookingId: 1
02:42:37.702 [main] INFO com.sportvenue.service.impl.ComplaintServiceImpl -- Customer customer@example.com closing complaintId: 500
02:42:37.709 [main] INFO com.sportvenue.service.impl.ComplaintServiceImpl -- Fetching complaints for owner: owner@example.com
02:42:37.721 [main] INFO com.sportvenue.service.impl.ComplaintServiceImpl -- Resolving complaintId: 500 by owner: owner@example.com
02:42:37.751 [main] INFO com.sportvenue.service.impl.ComplaintServiceImpl -- Customer customer@example.com is creating complaint for bookingId: 1
02:42:37.765 [main] INFO com.sportvenue.service.impl.ComplaintServiceImpl -- Fetching complaints for customer: customer@example.com
02:42:37.776 [main] INFO com.sportvenue.service.impl.ComplaintServiceImpl -- Replying to complaintId: 500 by user: owner@example.com
[INFO] Tests run: 15, Failures: 0, Errors: 0, Skipped: 0, Time elapsed: 3.083 s -- in com.sportvenue.service.impl.ComplaintServiceImplTest
[INFO] Running com.sportvenue.service.impl.MatchRequestServiceImplTest
02:42:38.444 [main] INFO com.sportvenue.service.impl.MatchRequestServiceImpl -- Creating match request: 'Tr?n ??u vui v?' for user ID: 1
02:42:38.454 [main] INFO com.sportvenue.service.impl.MatchRequestServiceImpl -- Successfully created match request with ID: 100
02:42:38.465 [main] INFO com.sportvenue.service.impl.MatchRequestServiceImpl -- Creating match request: 'Tr?n ??u vui v?' for user ID: 1
02:42:38.475 [main] INFO com.sportvenue.service.impl.MatchRequestServiceImpl -- User ID 1 requesting to cancel Match ID: 100 with reason: L² do cß nhΓn
02:42:38.486 [main] INFO com.sportvenue.service.impl.MatchRequestServiceImpl -- Creating match request: 'KΦo c?u l⌠ng' for user ID: 1
02:42:38.496 [main] INFO com.sportvenue.service.impl.MatchRequestServiceImpl -- Creating match request: 'Tr?n ??u vui v?' for user ID: 1
02:42:38.503 [main] INFO com.sportvenue.service.impl.MatchRequestServiceImpl -- User ID 2 requesting to cancel Match ID: 100 with reason: L² do cß nhΓn
02:42:38.517 [main] INFO com.sportvenue.service.impl.MatchRequestServiceImpl -- Retrieving active match requests with pagination and future dates: Page request [number: 0, size 10, sort: UNSORTED]
02:42:38.530 [main] INFO com.sportvenue.service.impl.MatchRequestServiceImpl -- Creating match request: 'Tr?n ??u vui v?' for user ID: 1
02:42:38.540 [main] INFO com.sportvenue.service.impl.MatchRequestServiceImpl -- Creating match request: 'Tr?n ??u vui v?' for user ID: 1
02:42:38.554 [main] INFO com.sportvenue.service.impl.MatchRequestServiceImpl -- Host User ID 1 approving Join ID: 500 for Match ID: 100
02:42:38.556 [main] INFO com.sportvenue.service.impl.MatchRequestServiceImpl -- Match ID: 100 is now FULL. Auto-rejecting remaining pending requests.
02:42:38.574 [main] INFO com.sportvenue.service.impl.MatchRequestServiceImpl -- User ID 1 requesting to cancel Match ID: 100 with reason: L² do cß nhΓn
02:42:38.584 [main] INFO com.sportvenue.service.impl.MatchRequestServiceImpl -- Creating match request: 'Tr?n ??u vui v?' for user ID: 1
02:42:38.598 [main] INFO com.sportvenue.service.impl.MatchRequestServiceImpl -- User ID 1 requesting to cancel Match ID: 100 with reason: L² do cß nhΓn
02:42:38.598 [main] INFO com.sportvenue.service.impl.MatchRequestServiceImpl -- Successfully cancelled Match ID: 100. Affected 2 join requests.
02:42:38.608 [main] INFO com.sportvenue.service.impl.MatchRequestServiceImpl -- Creating match request: 'FC Hoa L? thßch ??u' for user ID: 1
02:42:38.609 [main] INFO com.sportvenue.service.impl.MatchRequestServiceImpl -- Successfully created match request with ID: 200
02:42:38.622 [main] INFO com.sportvenue.service.impl.MatchRequestServiceImpl -- Creating match request: 'Tr?n ??u vui v?' for user ID: 1
02:42:38.636 [main] INFO com.sportvenue.service.impl.MatchRequestServiceImpl -- Creating match request: 'KΦo b≤ng ?ß 5v5' for user ID: 1
02:42:38.641 [main] INFO com.sportvenue.service.impl.MatchRequestServiceImpl -- Successfully created match request with ID: 300
02:42:38.651 [main] INFO com.sportvenue.service.impl.MatchRequestServiceImpl -- User ID 1 requesting to join Match ID: 100 with message: 'Xin gia nh?p'
02:42:38.659 [main] INFO com.sportvenue.service.impl.MatchRequestServiceImpl -- Host User ID 1 retrieving join requests for Match ID: 100
02:42:38.671 [main] INFO com.sportvenue.service.impl.MatchRequestServiceImpl -- Creating match request: 'Tr?n ??u vui v?' for user ID: 1
02:42:38.692 [main] INFO com.sportvenue.service.impl.MatchRequestServiceImpl -- Creating match request: 'KΦo b≤ng ?ß 5v5' for user ID: 1
02:42:38.703 [main] INFO com.sportvenue.service.impl.MatchRequestServiceImpl -- User ID 2 requesting to join Match ID: 100 with message: 'Xin tham gia'
02:42:38.705 [main] INFO com.sportvenue.service.impl.MatchRequestServiceImpl -- Successfully created join request for User ID: 2 on Match ID: 100
02:42:38.716 [main] INFO com.sportvenue.service.impl.MatchRequestServiceImpl -- Creating match request: 'Tr?n ??u vui v?' for user ID: 1
[INFO] Tests run: 22, Failures: 0, Errors: 0, Skipped: 0, Time elapsed: 0.908 s -- in com.sportvenue.service.impl.MatchRequestServiceImplTest
[INFO] Running com.sportvenue.service.impl.OwnerRegistrationServiceImplTest
02:42:39.113 [main] INFO com.sportvenue.service.impl.OwnerRegistrationServiceImpl -- Processing sign up request for new owner email: owner@example.com
02:42:39.302 [main] INFO com.sportvenue.service.impl.OwnerRegistrationServiceImpl -- Admin is processing ownerId: 5 with status: APPROVED
02:42:39.304 [main] INFO com.sportvenue.service.impl.OwnerRegistrationServiceImpl -- Owner registration APPROVED for email: owner@example.com. Role upgraded to Owner.
02:42:39.356 [main] INFO com.sportvenue.service.impl.OwnerRegistrationServiceImpl -- Processing sign up request for new owner email: single@example.com
02:42:39.374 [main] INFO com.sportvenue.service.impl.OwnerRegistrationServiceImpl -- Processing upgrade registration for Customer: customer@example.com
02:42:39.384 [main] INFO com.sportvenue.service.impl.OwnerRegistrationServiceImpl -- Admin is processing ownerId: 5 with status: REJECTED
02:42:39.385 [main] INFO com.sportvenue.service.impl.OwnerRegistrationServiceImpl -- Owner registration REJECTED for email: customer@example.com. Reason: Incomplete documents
02:42:39.402 [main] INFO com.sportvenue.service.impl.OwnerRegistrationServiceImpl -- Processing sign up request for new owner email: newowner@example.com
02:42:39.422 [main] INFO com.sportvenue.service.impl.OwnerRegistrationServiceImpl -- Admin fetching owner registrations with status: PENDING
02:42:39.434 [main] INFO com.sportvenue.service.impl.OwnerRegistrationServiceImpl -- Processing upgrade registration for Customer: customer@example.com
02:42:39.468 [main] INFO com.sportvenue.service.impl.OwnerRegistrationServiceImpl -- Admin is processing ownerId: 5 with status: APPROVED
02:42:39.469 [main] INFO com.sportvenue.service.impl.OwnerRegistrationServiceImpl -- Owner registration APPROVED for email: customer@example.com. Role upgraded to Owner.
02:42:39.477 [main] INFO com.sportvenue.service.impl.OwnerRegistrationServiceImpl -- Processing resubmit profile for rejected Owner: owner@example.com
02:42:39.479 [main] INFO com.sportvenue.service.impl.OwnerRegistrationServiceImpl -- Owner owner@example.com resubmitted profile successfully, status reset to PENDING
02:42:39.488 [main] INFO com.sportvenue.service.impl.OwnerRegistrationServiceImpl -- Processing upgrade registration for Customer: customer@example.com
02:42:39.498 [main] INFO com.sportvenue.service.impl.OwnerRegistrationServiceImpl -- Processing upgrade registration for Customer: customer@example.com
02:42:39.534 [main] INFO com.sportvenue.service.impl.OwnerRegistrationServiceImpl -- Processing sign up request for new owner email: owner@example.com
02:42:39.571 [main] INFO com.sportvenue.service.impl.OwnerRegistrationServiceImpl -- Admin is processing ownerId: 999 with status: APPROVED
02:42:39.579 [main] INFO com.sportvenue.service.impl.OwnerRegistrationServiceImpl -- Admin is processing ownerId: 5 with status: APPROVED
02:42:39.596 [main] INFO com.sportvenue.service.impl.OwnerRegistrationServiceImpl -- Admin is processing ownerId: 5 with status: REJECTED
[INFO] Tests run: 18, Failures: 0, Errors: 0, Skipped: 0, Time elapsed: 0.872 s -- in com.sportvenue.service.impl.OwnerRegistrationServiceImplTest
[INFO] Running com.sportvenue.service.impl.PublicComplexSearchTest
02:42:39.641 [main] INFO com.sportvenue.service.impl.PublicComplexServiceImpl -- Public request to search complexes with keyword: null
02:42:39.712 [main] INFO com.sportvenue.service.impl.PublicComplexServiceImpl -- Public request to search complexes with keyword: Nonexistent
02:42:39.717 [main] INFO com.sportvenue.service.impl.PublicComplexServiceImpl -- Public request to search complexes with keyword: Complex
[INFO] Tests run: 3, Failures: 0, Errors: 0, Skipped: 0, Time elapsed: 0.088 s -- in com.sportvenue.service.impl.PublicComplexSearchTest
[INFO] Running com.sportvenue.service.impl.PublicComplexServiceImplTest
02:42:39.740 [main] INFO com.sportvenue.service.impl.PublicComplexServiceImpl -- Public request to get facilities under complex ID: 1
02:42:39.757 [main] INFO com.sportvenue.service.impl.PublicComplexServiceImpl -- Public request to get complex detail by ID: 1
02:42:39.801 [main] INFO com.sportvenue.service.impl.PublicComplexServiceImpl -- Public request to get courts under facility ID: 10
02:42:39.807 [main] INFO com.sportvenue.service.impl.PublicComplexServiceImpl -- Public request to get courts under facility ID: 10
02:42:39.814 [main] INFO com.sportvenue.service.impl.PublicComplexServiceImpl -- Public request to get complex detail by ID: 1
02:42:39.819 [main] INFO com.sportvenue.service.impl.PublicComplexServiceImpl -- Public request to get complex detail by ID: 1
[INFO] Tests run: 6, Failures: 0, Errors: 0, Skipped: 0, Time elapsed: 0.099 s -- in com.sportvenue.service.impl.PublicComplexServiceImplTest
[INFO] Running com.sportvenue.service.impl.PublicStadiumServiceImplTest
02:42:39.853 [main] INFO com.sportvenue.service.impl.PublicStadiumServiceImpl -- Searching stadiums with keyword: null, targetDate: null...
02:42:39.882 [main] INFO com.sportvenue.service.impl.PublicStadiumServiceImpl -- Fetching complex reference for stadium ID: 5
02:42:39.891 [main] INFO com.sportvenue.service.impl.PublicStadiumServiceImpl -- Fetching complex reference for stadium ID: 99
[INFO] Tests run: 3, Failures: 0, Errors: 0, Skipped: 0, Time elapsed: 0.054 s -- in com.sportvenue.service.impl.PublicStadiumServiceImplTest
[INFO] Running com.sportvenue.service.impl.RefundServiceTest
[INFO] Tests run: 2, Failures: 0, Errors: 0, Skipped: 0, Time elapsed: 0.031 s -- in com.sportvenue.service.impl.RefundServiceTest
[INFO] Running com.sportvenue.service.impl.ReviewServiceImplTest
02:42:40.125 [main] INFO com.sportvenue.service.impl.ReviewServiceImpl -- Checking eligible bookings for review: stadiumId=1, user=customer@sportvenue.com
02:42:40.138 [main] INFO com.sportvenue.service.impl.ReviewServiceImpl -- Checking eligible bookings for review: stadiumId=1, user=ghost@sportvenue.com
02:42:40.150 [main] INFO com.sportvenue.service.impl.ReviewServiceImpl -- Updating review 1 by user other@sportvenue.com
02:42:40.175 [main] INFO com.sportvenue.service.impl.ReviewServiceImpl -- Creating review for booking 1 by user customer@sportvenue.com
02:42:40.192 [main] INFO com.sportvenue.service.impl.ReviewServiceImpl -- Creating review for booking 1 by user customer@sportvenue.com
02:42:40.199 [main] INFO com.sportvenue.service.impl.ReviewServiceImpl -- Creating review for booking 999 by user customer@sportvenue.com
02:42:40.204 [main] INFO com.sportvenue.service.impl.ReviewServiceImpl -- Creating review for booking 1 by user customer@sportvenue.com
02:42:40.217 [main] INFO com.sportvenue.service.impl.ReviewServiceImpl -- Updating review 1 by user customer@sportvenue.com
02:42:40.258 [main] INFO com.sportvenue.service.impl.ReviewServiceImpl -- Updating review 999 by user customer@sportvenue.com
02:42:40.265 [main] INFO com.sportvenue.service.impl.ReviewServiceImpl -- Creating review for booking 1 by user customer@sportvenue.com
02:42:40.269 [main] INFO com.sportvenue.service.impl.ReviewServiceImpl -- Creating review for booking 1 by user ghost@sportvenue.com
02:42:40.272 [main] INFO com.sportvenue.service.impl.ReviewServiceImpl -- Checking eligible bookings for review: stadiumId=1, user=customer@sportvenue.com
[INFO] Tests run: 12, Failures: 0, Errors: 0, Skipped: 0, Time elapsed: 0.336 s -- in com.sportvenue.service.impl.ReviewServiceImplTest
[INFO] Running com.sportvenue.service.impl.StadiumComplexServiceImplTest
02:42:40.668 [main] INFO com.sportvenue.service.impl.StadiumComplexServiceImpl -- Admin rejecting complex ID: 100 with reason: Kh⌠ng h?p l?
02:42:40.686 [main] INFO com.sportvenue.service.impl.StadiumComplexServiceImpl -- Retrieving complexes for user ID: 1
02:42:40.700 [main] INFO com.sportvenue.service.impl.StadiumComplexServiceImpl -- Creating complex: 'T? h?p Hoa L?' for user ID: 1
02:42:40.705 [main] INFO com.sportvenue.service.impl.StadiumComplexServiceImpl -- Successfully created complex with ID: 100
02:42:40.713 [main] INFO com.sportvenue.service.impl.StadiumComplexServiceImpl -- Retrieving complex by ID: 100 and owner user ID: 1
02:42:40.719 [main] INFO com.sportvenue.service.impl.StadiumComplexServiceImpl -- Creating complex: 'T? h?p Hoa L?' for user ID: 1
02:42:40.723 [main] INFO com.sportvenue.service.impl.StadiumComplexServiceImpl -- Admin approving complex ID: 100
[INFO] Tests run: 6, Failures: 0, Errors: 0, Skipped: 0, Time elapsed: 0.395 s -- in com.sportvenue.service.impl.StadiumComplexServiceImplTest
[INFO] Running com.sportvenue.service.NotificationServiceTest
[INFO] Tests run: 2, Failures: 0, Errors: 0, Skipped: 0, Time elapsed: 0.191 s -- in com.sportvenue.service.NotificationServiceTest
[INFO] Running com.sportvenue.service.OwnerBookingServiceTest
02:42:40.942 [main] INFO com.sportvenue.service.OwnerBookingService -- ? Booking #1 ?π b? t? ch?i. L² do: Reason
02:42:40.965 [main] INFO com.sportvenue.service.OwnerBookingService -- ? Booking #1 ?π b? t? ch?i. L² do: Reason
02:42:40.970 [main] INFO com.sportvenue.service.OwnerBookingService -- ? Booking #1 ?π ???c xßc nh?n
[INFO] Tests run: 4, Failures: 0, Errors: 0, Skipped: 0, Time elapsed: 0.043 s -- in com.sportvenue.service.OwnerBookingServiceTest
[INFO] Running com.sportvenue.service.PublicStadiumServiceImplTest
02:42:40.986 [main] INFO com.sportvenue.service.impl.PublicStadiumServiceImpl -- Fetching detail for stadium ID: 999
02:42:40.992 [main] INFO com.sportvenue.service.impl.PublicStadiumServiceImpl -- Fetching reviews for stadium ID: 999, page: 0, size: 5
02:42:40.999 [main] INFO com.sportvenue.service.impl.PublicStadiumServiceImpl -- Fetching reviews for stadium ID: 1, page: 0, size: 5
02:42:41.009 [main] INFO com.sportvenue.service.impl.PublicStadiumServiceImpl -- Fetching detail for stadium ID: 1
02:42:41.055 [main] INFO com.sportvenue.service.impl.PublicStadiumServiceImpl -- Fetching reviews for stadium ID: 1, page: 0, size: 5
[INFO] Tests run: 5, Failures: 0, Errors: 0, Skipped: 0, Time elapsed: 0.082 s -- in com.sportvenue.service.PublicStadiumServiceImplTest
[INFO] Running com.sportvenue.service.RevenueServiceImplTest
02:42:41.073 [main] INFO com.sportvenue.service.impl.RevenueServiceImpl -- Calculating dashboard summary for owner: owner@sportvenue.com
02:42:41.252 [main] INFO com.sportvenue.service.impl.RevenueServiceImpl -- Fetching revenue report for owner: owner@sportvenue.com, stadiumId: null, start: 2026-06-01T00:00, end: 2026-06-03T00:00
02:42:41.307 [main] INFO com.sportvenue.service.impl.RevenueServiceImpl -- Fetching revenue report for owner: owner@sportvenue.com, stadiumId: null, start: 2026-06-01T00:00, end: 2026-06-03T00:00
[INFO] Tests run: 5, Failures: 0, Errors: 0, Skipped: 0, Time elapsed: 0.253 s -- in com.sportvenue.service.RevenueServiceImplTest
[INFO] Running com.sportvenue.service.SportTypeServiceImplTest
02:42:41.453 [main] INFO com.sportvenue.service.SportTypeServiceImpl -- Request to delete/deactivate sport type with ID: 1
02:42:41.461 [main] INFO com.sportvenue.service.SportTypeServiceImpl -- Request to delete/deactivate sport type with ID: 1
02:42:41.462 [main] INFO com.sportvenue.service.SportTypeServiceImpl -- Sport type ID 1 is in use. Deactivating instead of hard delete.
02:42:41.501 [main] INFO com.sportvenue.service.SportTypeServiceImpl -- Creating new sport type: Tennis with code: TENNIS
02:42:41.509 [main] INFO com.sportvenue.service.SportTypeServiceImpl -- Request to delete/deactivate sport type with ID: 1
02:42:41.509 [main] INFO com.sportvenue.service.SportTypeServiceImpl -- Sport type ID 1 is in use. Deactivating instead of hard delete.
02:42:41.522 [main] INFO com.sportvenue.service.SportTypeServiceImpl -- Creating new sport type: Tennis with code: TENNIS
02:42:41.531 [main] INFO com.sportvenue.service.SportTypeServiceImpl -- Request to delete/deactivate sport type with ID: 1
02:42:41.531 [main] INFO com.sportvenue.service.SportTypeServiceImpl -- Sport type ID 1 is not in use. Performing hard delete.
02:42:41.542 [main] INFO com.sportvenue.service.SportTypeServiceImpl -- Creating new sport type: Tennis with code: TENNIS
[INFO] Tests run: 7, Failures: 0, Errors: 0, Skipped: 0, Time elapsed: 0.194 s -- in com.sportvenue.service.SportTypeServiceImplTest
[INFO] Running com.sportvenue.service.StadiumServiceImplTest
02:42:41.751 [main] INFO com.sportvenue.service.StadiumServiceImpl -- Owner 1 requesting activation for stadium 10
02:42:41.753 [main] INFO com.sportvenue.service.StadiumServiceImpl -- Stadium 10 successfully activated by owner 1
02:42:41.780 [main] INFO com.sportvenue.service.StadiumServiceImpl -- Updating stadium ID: 10 for user: 1
02:42:41.782 [main] INFO com.sportvenue.service.StadiumServiceImpl -- Successfully updated stadium with ID: 10
02:42:41.799 [main] INFO com.sportvenue.service.StadiumServiceImpl -- Updating stadium ID: 10 for user: 1
02:42:41.813 [main] INFO com.sportvenue.service.StadiumServiceImpl -- Updating stadium ID: 10 for user: 1
02:42:41.814 [main] INFO com.sportvenue.service.StadiumServiceImpl -- Successfully updated stadium with ID: 10
02:42:41.885 [main] INFO com.sportvenue.service.StadiumServiceImpl -- Updating stadium ID: 10 for user: 1
02:42:41.886 [main] INFO com.sportvenue.service.StadiumServiceImpl -- Successfully updated stadium with ID: 10
02:42:41.921 [main] INFO com.sportvenue.service.StadiumServiceImpl -- Owner 1 requesting activation for stadium 10
02:42:41.932 [main] INFO com.sportvenue.service.StadiumServiceImpl -- Updating stadium ID: 10 for user: 1
02:42:41.948 [main] INFO com.sportvenue.service.StadiumServiceImpl -- Updating stadium ID: 10 for user: 1
02:42:41.949 [main] INFO com.sportvenue.service.StadiumServiceImpl -- Successfully updated stadium with ID: 10
02:42:41.963 [main] INFO com.sportvenue.service.StadiumServiceImpl -- Owner 1 requesting delete for stadium 10
02:42:41.967 [main] INFO com.sportvenue.service.StadiumServiceImpl -- Found 1 future bookings to cancel for stadium 10
02:42:41.969 [main] INFO com.sportvenue.service.StadiumServiceImpl -- Stadium 10 successfully soft-deleted by owner 1
02:42:41.984 [main] INFO com.sportvenue.service.StadiumServiceImpl -- Updating stadium ID: 10 for user: 1
02:42:41.985 [main] INFO com.sportvenue.service.StadiumServiceImpl -- Successfully updated stadium with ID: 10
02:42:41.999 [main] INFO com.sportvenue.service.StadiumServiceImpl -- Creating stadium for user: 1
02:42:42.030 [main] INFO com.sportvenue.service.StadiumServiceImpl -- Owner 1 requesting suspend for stadium 10
02:42:42.033 [main] INFO com.sportvenue.service.StadiumServiceImpl -- Stadium 10 successfully suspended by owner 1
02:42:42.049 [main] INFO com.sportvenue.service.StadiumServiceImpl -- Creating Facility under Complex ID: 5 by user ID: 1
02:42:42.052 [main] INFO com.sportvenue.service.StadiumServiceImpl -- Successfully created Facility with ID: 20
02:42:42.058 [main] INFO com.sportvenue.service.StadiumServiceImpl -- Owner 1 requesting suspend for stadium 10
02:42:42.071 [main] INFO com.sportvenue.service.StadiumServiceImpl -- Creating stadium for user: 1
02:42:42.080 [main] INFO com.sportvenue.service.StadiumServiceImpl -- Successfully created stadium with ID: 10
02:42:42.108 [main] INFO com.sportvenue.service.StadiumServiceImpl -- Creating Court under Facility ID: 20 by user ID: 1
02:42:42.113 [main] INFO com.sportvenue.service.StadiumServiceImpl -- Successfully created Court with ID: 30
[INFO] Tests run: 23, Failures: 0, Errors: 0, Skipped: 0, Time elapsed: 0.560 s -- in com.sportvenue.service.StadiumServiceImplTest
[INFO] Running com.sportvenue.service.TimeSlotServiceImplTest
[INFO] Tests run: 7, Failures: 0, Errors: 0, Skipped: 0, Time elapsed: 0.054 s -- in com.sportvenue.service.TimeSlotServiceImplTest
[INFO] Running com.sportvenue.util.ImageContentValidatorTest
[INFO] Tests run: 1, Failures: 0, Errors: 0, Skipped: 0, Time elapsed: 0.009 s -- in com.sportvenue.util.ImageContentValidatorTest
[INFO] Running com.sportvenue.util.OtpGeneratorTest
[INFO] Tests run: 21, Failures: 0, Errors: 0, Skipped: 0, Time elapsed: 0.142 s -- in com.sportvenue.util.OtpGeneratorTest
[INFO] 
[INFO] Results:
[INFO] 
[INFO] Tests run: 245, Failures: 0, Errors: 0, Skipped: 0
[INFO] 
[INFO] ------------------------------------------------------------------------
[INFO] BUILD SUCCESS
[INFO] ------------------------------------------------------------------------
[INFO] Total time:  01:14 min
[INFO] Finished at: 2026-07-01T02:42:42+07:00
[INFO] ------------------------------------------------------------------------
